[2026-08-12 16:02:48,097: INFO: main: >>>>>stage Data Ingestion stage started <<<<<<]
[2026-08-12 16:02:48,097: INFO: common: yaml file: config/config.yaml loaded successfully]
[2026-08-12 16:02:48,097: INFO: common: yaml file: param.yaml loaded successfully]
[2026-08-12 16:02:48,098: INFO: common: yaml file: schema.yaml loaded successfully]
[2026-08-12 16:02:48,098: INFO: common: created directory at: artifacts]
[2026-08-12 16:02:48,098: INFO: common: created directory at: artifacts/data_ingestion]
[2026-08-12 16:02:48,938: INFO: data_ingestion: artifacts/data_ingestion/data.zip download! with following info: 
Connection: close
Content-Length: 23329
Cache-Control: max-age=300
Content-Security-Policy: default-src 'none'; style-src 'unsafe-inline'; sandbox
Content-Type: application/zip
ETag: "c69888a4ae59bc5a893392785a938ccd4937981c06ba8a9d6a21aa52b4ab5b6e"
Strict-Transport-Security: max-age=31536000
X-Content-Type-Options: nosniff
X-Frame-Options: deny
X-XSS-Protection: 1; mode=block
X-GitHub-Request-Id: CB90:29BB0A:7CD3:D762:6A7C84FE
x-github-edge-region: uksouth
Accept-Ranges: bytes
Date: Wed, 12 Aug 2026 15:02:49 GMT
Via: 1.1 varnish
X-Served-By: cache-lcy-egml8630065-LCY
X-Cache: HIT
X-Cache-Hits: 0
X-Timer: S1786546969.872539,VS0,VE141
Vary: Authorization,Accept-Encoding
Access-Control-Allow-Origin: *
Cross-Origin-Resource-Policy: cross-origin
X-Fastly-Request-ID: c8debbce5b2d8f3c4873e32b6618b2de39988e38
Expires: Wed, 12 Aug 2026 15:07:49 GMT
Source-Age: 0

]
[2026-08-12 16:02:48,940: INFO: main: >>>>> stage Data Ingestion stage completed <<<<<

x=================x]
[2026-08-13 11:35:17,750: INFO: common: yaml file: config/config.yaml loaded successfully]
[2026-08-13 11:35:17,752: INFO: common: yaml file: param.yaml loaded successfully]
[2026-08-13 11:35:17,753: INFO: common: yaml file: schema.yaml loaded successfully]
[2026-08-13 11:35:17,755: INFO: common: created directory at: artifacts]
[2026-08-13 11:35:17,756: INFO: common: created directory at: artifacts/data_validation]
[2026-08-13 11:52:14,868: INFO: main: >>>>>stage Data Ingestion stage started <<<<<<]
[2026-08-13 11:52:14,868: INFO: common: yaml file: config/config.yaml loaded successfully]
[2026-08-13 11:52:14,869: INFO: common: yaml file: param.yaml loaded successfully]
[2026-08-13 11:52:14,869: INFO: common: yaml file: schema.yaml loaded successfully]
[2026-08-13 11:52:14,869: INFO: common: created directory at: artifacts]
[2026-08-13 11:52:14,869: INFO: common: created directory at: artifacts/data_ingestion]
[2026-08-13 11:52:14,869: INFO: data_ingestion: File already exists]
[2026-08-13 11:52:14,870: INFO: main: >>>>> stage Data Ingestion stage completed <<<<<

]
[2026-08-13 11:52:14,870: INFO: main: >>>>>>>> stage Data validation stage started <<<<<<]
[2026-08-13 11:52:14,871: INFO: common: yaml file: config/config.yaml loaded successfully]
[2026-08-13 11:52:14,871: INFO: common: yaml file: param.yaml loaded successfully]
[2026-08-13 11:52:14,871: INFO: common: yaml file: schema.yaml loaded successfully]
[2026-08-13 11:52:14,872: INFO: common: created directory at: artifacts]
[2026-08-13 11:52:14,872: INFO: common: created directory at: artifacts/data_validation]
[2026-08-13 11:52:14,874: INFO: main: >>>>>> stage Data validation stage completed <<<<<<<<

]
[2026-08-13 13:14:57,667: INFO: common: yaml file: config/config.yaml loaded successfully]
[2026-08-13 13:14:57,670: INFO: common: yaml file: param.yaml loaded successfully]
[2026-08-13 13:14:57,671: INFO: common: yaml file: schema.yaml loaded successfully]
[2026-08-13 13:14:57,672: INFO: common: created directory at: artifacts]
[2026-08-13 13:14:57,672: INFO: common: created directory at: artifacts/data_transformation]
[2026-08-13 13:15:52,195: INFO: common: yaml file: config/config.yaml loaded successfully]
[2026-08-13 13:15:52,196: INFO: common: yaml file: param.yaml loaded successfully]
[2026-08-13 13:15:52,198: INFO: common: yaml file: schema.yaml loaded successfully]
[2026-08-13 13:15:52,199: INFO: common: created directory at: artifacts]
[2026-08-13 13:15:52,199: INFO: common: created directory at: artifacts/data_transformation]
[2026-08-13 13:17:37,836: INFO: common: yaml file: config/config.yaml loaded successfully]
[2026-08-13 13:17:37,837: INFO: common: yaml file: param.yaml loaded successfully]
[2026-08-13 13:17:37,839: INFO: common: yaml file: schema.yaml loaded successfully]
[2026-08-13 13:17:37,839: INFO: common: created directory at: artifacts]
[2026-08-13 13:17:37,839: INFO: common: created directory at: artifacts/data_transformation]
[2026-08-13 13:22:38,410: INFO: common: yaml file: config/config.yaml loaded successfully]
[2026-08-13 13:22:38,411: INFO: common: yaml file: param.yaml loaded successfully]
[2026-08-13 13:22:38,413: INFO: common: yaml file: schema.yaml loaded successfully]
[2026-08-13 13:22:38,417: INFO: common: created directory at: artifacts]
[2026-08-13 13:22:38,418: INFO: common: created directory at: artifacts/data_transformation]
[2026-08-13 13:22:38,435: INFO: 4188234004: Splited data into training and test set]
[2026-08-13 13:22:38,435: INFO: 4188234004: (1199, 12)]
[2026-08-13 13:22:38,436: INFO: 4188234004: (400, 12)]
[2026-08-13 13:49:40,249: INFO: main: >>>>>stage Data Ingestion stage started <<<<<<]
[2026-08-13 13:49:40,250: INFO: common: yaml file: config/config.yaml loaded successfully]
[2026-08-13 13:49:40,250: INFO: common: yaml file: param.yaml loaded successfully]
[2026-08-13 13:49:40,251: INFO: common: yaml file: schema.yaml loaded successfully]
[2026-08-13 13:49:40,251: INFO: common: created directory at: artifacts]
[2026-08-13 13:49:40,251: INFO: common: created directory at: artifacts/data_ingestion]
[2026-08-13 13:49:40,251: INFO: data_ingestion: File already exists]
[2026-08-13 13:49:40,252: INFO: main: >>>>> stage Data Ingestion stage completed <<<<<

]
[2026-08-13 13:49:40,252: INFO: main: >>>>>>>> stage Data validation stage started <<<<<<]
[2026-08-13 13:49:40,253: INFO: common: yaml file: config/config.yaml loaded successfully]
[2026-08-13 13:49:40,253: INFO: common: yaml file: param.yaml loaded successfully]
[2026-08-13 13:49:40,253: INFO: common: yaml file: schema.yaml loaded successfully]
[2026-08-13 13:49:40,253: INFO: common: created directory at: artifacts]
[2026-08-13 13:49:40,253: INFO: common: created directory at: artifacts/data_validation]
[2026-08-13 13:49:40,255: INFO: main: >>>>>> stage Data validation stage completed <<<<<<<<

]
[2026-08-13 13:49:40,255: INFO: main: >>>>>>>> stage Data Transformation stage started <<<<<<]
[2026-08-13 13:49:40,255: ERROR: main: Your data schema is not valid]
Traceback (most recent call last):
  File "/Users/gauravkumaryadav/Desktop/gaurav/learning/MLOPs/end2endproject/datascienceproject/main.py", line 33, in <module>
    obj.initiate_data_transformation()
  File "/Users/gauravkumaryadav/Desktop/gaurav/learning/MLOPs/end2endproject/datascienceproject/src/datascience/pipeline/data_transformation_pipeline.py", line 24, in initiate_data_transformation
    raise e
  File "/Users/gauravkumaryadav/Desktop/gaurav/learning/MLOPs/end2endproject/datascienceproject/src/datascience/pipeline/data_transformation_pipeline.py", line 22, in initiate_data_transformation
    raise Exception("Your data schema is not valid")
Exception: Your data schema is not valid
[2026-08-13 13:50:43,245: INFO: main: >>>>>stage Data Ingestion stage started <<<<<<]
[2026-08-13 13:50:43,245: INFO: common: yaml file: config/config.yaml loaded successfully]
[2026-08-13 13:50:43,246: INFO: common: yaml file: param.yaml loaded successfully]
[2026-08-13 13:50:43,246: INFO: common: yaml file: schema.yaml loaded successfully]
[2026-08-13 13:50:43,246: INFO: common: created directory at: artifacts]
[2026-08-13 13:50:43,246: INFO: common: created directory at: artifacts/data_ingestion]
[2026-08-13 13:50:43,246: INFO: data_ingestion: File already exists]
[2026-08-13 13:50:43,247: INFO: main: >>>>> stage Data Ingestion stage completed <<<<<

]
[2026-08-13 13:50:43,247: INFO: main: >>>>>>>> stage Data validation stage started <<<<<<]
[2026-08-13 13:50:43,247: INFO: common: yaml file: config/config.yaml loaded successfully]
[2026-08-13 13:50:43,247: INFO: common: yaml file: param.yaml loaded successfully]
[2026-08-13 13:50:43,248: INFO: common: yaml file: schema.yaml loaded successfully]
[2026-08-13 13:50:43,248: INFO: common: created directory at: artifacts]
[2026-08-13 13:50:43,248: INFO: common: created directory at: artifacts/data_validation]
[2026-08-13 13:50:43,250: INFO: main: >>>>>> stage Data validation stage completed <<<<<<<<

]
[2026-08-13 13:50:43,250: INFO: main: >>>>>>>> stage Data Transformation stage started <<<<<<]
[2026-08-13 13:50:43,250: INFO: common: yaml file: config/config.yaml loaded successfully]
[2026-08-13 13:50:43,251: INFO: common: yaml file: param.yaml loaded successfully]
[2026-08-13 13:50:43,251: INFO: common: yaml file: schema.yaml loaded successfully]
[2026-08-13 13:50:43,251: INFO: common: created directory at: artifacts]
[2026-08-13 13:50:43,252: INFO: common: created directory at: artifacts/data_transformation]
[2026-08-13 13:50:43,258: INFO: data_transformation: Splited data into training and test set]
[2026-08-13 13:50:43,258: INFO: data_transformation: (1199, 12)]
[2026-08-13 13:50:43,258: INFO: data_transformation: (400, 12)]
[2026-08-13 13:50:43,258: INFO: main: >>>>>> stage Data Transformation stage completed <<<<<<<<

x=================================x]
[2026-08-13 15:32:30,396: INFO: common: yaml file: config/config.yaml loaded successfully]
[2026-08-13 15:32:30,399: INFO: common: yaml file: param.yaml loaded successfully]
[2026-08-13 15:32:30,401: INFO: common: yaml file: schema.yaml loaded successfully]
[2026-08-13 15:32:30,402: INFO: common: created directory at: artifacts]
[2026-08-13 15:36:56,173: INFO: common: yaml file: config/config.yaml loaded successfully]
[2026-08-13 15:36:56,175: INFO: common: yaml file: param.yaml loaded successfully]
[2026-08-13 15:36:56,177: INFO: common: yaml file: schema.yaml loaded successfully]
[2026-08-13 15:36:56,178: INFO: common: created directory at: artifacts]
[2026-08-13 15:36:56,178: INFO: common: created directory at: artifacts/model_trainer]
[2026-08-13 15:46:28,062: INFO: main: >>>>>stage Data Ingestion stage started <<<<<<]
[2026-08-13 15:46:28,063: INFO: common: yaml file: config/config.yaml loaded successfully]
[2026-08-13 15:46:28,063: INFO: common: yaml file: param.yaml loaded successfully]
[2026-08-13 15:46:28,064: INFO: common: yaml file: schema.yaml loaded successfully]
[2026-08-13 15:46:28,064: INFO: common: created directory at: artifacts]
[2026-08-13 15:46:28,064: INFO: common: created directory at: artifacts/data_ingestion]
[2026-08-13 15:46:28,064: INFO: data_ingestion: File already exists]
[2026-08-13 15:46:28,065: INFO: main: >>>>> stage Data Ingestion stage completed <<<<<

]
[2026-08-13 15:46:28,065: INFO: main: >>>>>>>> stage Data validation stage started <<<<<<]
[2026-08-13 15:46:28,065: INFO: common: yaml file: config/config.yaml loaded successfully]
[2026-08-13 15:46:28,066: INFO: common: yaml file: param.yaml loaded successfully]
[2026-08-13 15:46:28,066: INFO: common: yaml file: schema.yaml loaded successfully]
[2026-08-13 15:46:28,066: INFO: common: created directory at: artifacts]
[2026-08-13 15:46:28,066: INFO: common: created directory at: artifacts/data_validation]
[2026-08-13 15:46:28,068: INFO: main: >>>>>> stage Data validation stage completed <<<<<<<<

]
[2026-08-13 15:46:28,068: INFO: main: >>>>>>>> stage Data Transformation stage started <<<<<<]
[2026-08-13 15:46:28,069: INFO: common: yaml file: config/config.yaml loaded successfully]
[2026-08-13 15:46:28,069: INFO: common: yaml file: param.yaml loaded successfully]
[2026-08-13 15:46:28,070: INFO: common: yaml file: schema.yaml loaded successfully]
[2026-08-13 15:46:28,070: INFO: common: created directory at: artifacts]
[2026-08-13 15:46:28,070: INFO: common: created directory at: artifacts/data_transformation]
[2026-08-13 15:46:28,078: INFO: data_transformation: Splited data into training and test set]
[2026-08-13 15:46:28,078: INFO: data_transformation: (1199, 12)]
[2026-08-13 15:46:28,078: INFO: data_transformation: (400, 12)]
[2026-08-13 15:46:28,078: INFO: main: >>>>>> stage Data Transformation stage completed <<<<<<<<

x=================================x]
[2026-08-13 15:46:28,078: INFO: main: >>>>>>>> stage Model trainer stage started <<<<<<]
[2026-08-13 15:46:28,078: INFO: common: yaml file: config/config.yaml loaded successfully]
[2026-08-13 15:46:28,079: INFO: common: yaml file: param.yaml loaded successfully]
[2026-08-13 15:46:28,079: INFO: common: yaml file: schema.yaml loaded successfully]
[2026-08-13 15:46:28,079: INFO: common: created directory at: artifacts]
[2026-08-13 15:46:28,079: INFO: common: created directory at: artifacts/model_trainer]
[2026-08-13 15:46:28,082: INFO: main: >>>>>> stage Model trainer stage completed <<<<<<<<

x=================================x]
